---
source: tui/src/chatwidget/tests/status_and_layout.rs
assertion_line: 2872
expression: normalized_backend_snapshot(terminal.backend())
---
"                                                                                "
"                                                                                "
"› Ask Codex to do anything                                                      "
"                                                                                "
"  2.5K uncached in + 10K cached + 750 out                                       "
